#
# Copyright 2016 Red Hat, Inc.
#
# Red Hat licenses this file to you under the Apache License, version
# 2.0 (the "License"); you may not use this file except in compliance
# with the License.  You may obtain a copy of the License at
#
#     http://www.apache.org/licenses/LICENSE-2.0
#
# Unless required by applicable law or agreed to in writing, software
# distributed under the License is distributed on an "AS IS" BASIS,
# WITHOUT WARRANTIES OR CONDITIONS OF ANY KIND, either express or
# implied.  See the License for the specific language governing
# permissions and limitations under the License.
#

apiVersion: v1
kind: List
items:
- apiVersion: apps.openshift.io/v1
  kind: DeploymentConfig
  metadata:
    name: fabric8-docker-registry
  spec:
    replicas: 1
    strategy:
      type: Recreate
    selector:
      provider: fabric8
      app: deployment-strategy-type-919
      group: io.fabric8.devops.apps
    triggers:
    - type: ConfigChange
